$ date -u '+%Y-%m-%d %H:%M:%S UTC'; git rev-parse HEAD; nproc; uname -m; go version
2026-10-08 06:56:47 UTC
67c4c26696016b48e70950e284ae1a51b7d0cf0e
4
aarch64
go version go1.26.8 linux/arm64
$ go test ./pkg/circuits/enygma/enygma-payments/enygma-transfer/ -run 'TestGeneratorReproducesPublishedVectors|TestGenerateMidVectors' -count=1 -v | grep RESULT
go: downloading github.com/consensys/gnark-crypto v0.19.2
go: downloading github.com/consensys/gnark v0.14.0
go: downloading github.com/gin-gonic/gin v1.11.0
go: downloading github.com/iden3/go-iden3-crypto v0.0.17
go: downloading golang.org/x/crypto v0.49.0
go: downloading github.com/blang/semver/v4 v4.0.0
go: downloading github.com/fxamacker/cbor/v2 v2.9.0
go: downloading golang.org/x/sync v0.20.0
go: downloading github.com/gin-contrib/sse v1.1.0
go: downloading github.com/mattn/go-isatty v0.0.20
go: downloading github.com/quic-go/quic-go v0.59.0
go: downloading golang.org/x/net v0.52.0
go: downloading github.com/dchest/blake512 v1.0.0
go: downloading github.com/bits-and-blooms/bitset v1.24.4
go: downloading github.com/rs/zerolog v1.34.0
go: downloading github.com/ronanh/intcomp v1.1.1
go: downloading github.com/google/pprof v0.0.0-20260115054156-294ebfa9ad83
go: downloading golang.org/x/sys v0.42.0
go: downloading github.com/x448/float16 v0.8.4
go: downloading github.com/go-playground/validator/v10 v10.30.1
go: downloading github.com/goccy/go-yaml v1.19.2
go: downloading github.com/pelletier/go-toml/v2 v2.2.4
go: downloading github.com/ugorji/go/codec v1.3.1
go: downloading google.golang.org/protobuf v1.36.11
go: downloading github.com/quic-go/qpack v0.6.0
go: downloading github.com/mattn/go-colorable v0.1.14
go: downloading github.com/gabriel-vasile/mimetype v1.4.12
go: downloading github.com/go-playground/universal-translator v0.18.1
go: downloading github.com/leodido/go-urn v1.4.0
go: downloading golang.org/x/text v0.35.0
go: downloading github.com/go-playground/locales v0.14.1
RESULT regenerate /home/runner/work/enygma-bench/enygma-bench/work/vectors/k6.json k=6 all_fields_match=true
RESULT regenerate /home/runner/work/enygma-bench/enygma-bench/work/vectors/k2.json k=2 all_fields_match=true
RESULT generated k=3 participants=3 sender_tx_value=10
RESULT generated k=4 participants=4 sender_tx_value=10
RESULT generated k=5 participants=5 sender_tx_value=10
$ go test ./pkg/circuits/enygma/enygma-payments/enygma-transfer/ -run TestSetupArtifacts -count=1 -v -timeout 60m | grep RESULT
RESULT artifacts k=2 constraints=37140 compile=399ms setup=3.137s
RESULT artifacts k=3 constraints=45252 compile=469ms setup=3.593s
RESULT artifacts k=4 constraints=53364 compile=549ms setup=4.262s
RESULT artifacts k=5 constraints=61476 compile=651ms setup=4.556s
RESULT artifacts k=6 constraints=69588 compile=722ms setup=5.929s
$ go test ./pkg/circuits/enygma/enygma-payments/enygma-transfer/ -run TestProveAcrossK -count=1 -v -timeout 120m | grep RESULT
RESULT env NumCPU=4 arch=arm64 go=go1.26.8 cpu="0xd49"
RESULT verify k=2 vector=repo ok=true verify=1.164ms
RESULT prove k=2 cores=1 n=20 min=887ms median=891ms max=895ms
RESULT prove k=2 cores=2 n=20 min=487ms median=492ms max=496ms
RESULT prove k=2 cores=4 n=20 min=297ms median=336ms max=352ms
RESULT verify k=3 vector=generated ok=true verify=1.175ms
RESULT prove k=3 cores=1 n=20 min=1.102s median=1.108s max=1.116s
RESULT prove k=3 cores=2 n=20 min=607ms median=610ms max=614ms
RESULT prove k=3 cores=4 n=20 min=365ms median=402ms max=430ms
RESULT verify k=4 vector=generated ok=true verify=1.229ms
RESULT prove k=4 cores=1 n=20 min=1.212s median=1.219s max=1.224s
RESULT prove k=4 cores=2 n=20 min=664ms median=668ms max=679ms
RESULT prove k=4 cores=4 n=20 min=399ms median=420ms max=441ms
RESULT verify k=5 vector=generated ok=true verify=1.211ms
RESULT prove k=5 cores=1 n=20 min=1.303s median=1.31s max=1.327s
RESULT prove k=5 cores=2 n=20 min=694ms median=698ms max=712ms
RESULT prove k=5 cores=4 n=20 min=412ms median=442ms max=470ms
RESULT verify k=6 vector=repo ok=true verify=1.273ms
RESULT prove k=6 cores=1 n=20 min=1.823s median=1.831s max=1.84s
RESULT prove k=6 cores=2 n=20 min=956ms median=962ms max=972ms
RESULT prove k=6 cores=4 n=20 min=589ms median=622ms max=663ms
$ go test ./pkg/circuits/enygma/enygma-payments/enygma-transfer/ -run TestRejectsBadVectors -count=1 -v | grep RESULT | cut -c1-110
RESULT bad_vector k=2 refused=true err=constraint #517 is not satisfied: 1 ⋅ 10 != 0
RESULT bad_vector k=6 refused=true err=constraint #1085 is not satisfied: 1 ⋅ 200731270599462037280821479596
$ go test ./pkg/circuits/enygma/enygma-payments/enygma-transfer/ -run TestSizes -count=1 -v | grep RESULT
RESULT size k=2 constraints=37140 domain=65536 proof=164B public=588B pk=6309223B
RESULT size k=3 constraints=45252 domain=65536 proof=164B public=844B pk=7227605B
RESULT size k=4 constraints=53364 domain=65536 proof=164B public=1100B pk=8145987B
RESULT size k=5 constraints=61476 domain=65536 proof=164B public=1356B pk=9064369B
RESULT size k=6 constraints=69588 domain=131072 proof=164B public=1612B pk=12079903B
$ go test ./pkg/circuits/enygma/enygma-payments/enygma-transfer/ -run TestKeyLoad -count=1 -v | grep RESULT
RESULT keyload k=2 ccs_first=29ms ccs_rest=26ms pk_first=1.043s pk_rest=1.035s
RESULT keyload k=3 ccs_first=29ms ccs_rest=29ms pk_first=1.229s pk_rest=1.233s
RESULT keyload k=4 ccs_first=37ms ccs_rest=37ms pk_first=1.424s pk_rest=1.425s
RESULT keyload k=5 ccs_first=43ms ccs_rest=41ms pk_first=1.619s pk_rest=1.635s
RESULT keyload k=6 ccs_first=49ms ccs_rest=45ms pk_first=1.974s pk_rest=1.949s
$ for k in 2..6: one cold request, then 10 timed requests; report median
RESULT http k=2 cold=1.695859s median=0.343027s n=10
RESULT http k=3 cold=1.679295s median=0.391543s n=10
RESULT http k=4 cold=1.888964s median=0.420973s n=10
RESULT http k=5 cold=2.117581s median=0.435719s n=10
RESULT http k=6 cold=2.566206s median=0.609834s n=10
$ date -u '+%Y-%m-%d %H:%M:%S UTC'
2026-10-08 07:03:27 UTC
